ASxxxx Linker V03.00 + NoICE + sdld,  page 1.
Hexadecimal  [32-Bits]

Area                                    Addr        Size        Decimal Bytes (Attributes)
--------------------------------        ----        ----        ------- ----- ------------
CABS                                00000000    00000000 =           0. bytes (ABS,CON,CODE)

      Value  Global                              Global Defined In Module
      -----  --------------------------------   ------------------------
C:   00000000  l_BIT_BANK                      
C:   00000000  l_BSEG                          
C:   00000000  l_BSEG_BYTES                    
C:   00000000  l_CABS                          
C:   00000000  l_GSINIT1                       
C:   00000000  l_GSINIT5                       
C:   00000000  l_IABS                          
C:   00000000  l_PSEG                          
C:   00000000  l_REG_BANK_1                    
C:   00000000  l_REG_BANK_2                    
C:   00000000  l_REG_BANK_3                    
C:   00000000  l_RSEG                          
C:   00000000  l_RSEG0                         
C:   00000000  l_RSEG1                         
C:   00000000  l_XABS                          
C:   00000000  l_XINIT                         
C:   00000000  l_XISEG                         
C:   00000000  l_XSEG                          
C:   00000000  l__CODE                         
C:   00000000  s_BSEG                          
C:   00000000  s_CABS                          
C:   00000000  s_DSEG                          
C:   00000000  s_HOME                          
C:   00000000  s_IABS                          
C:   00000000  s_REG_BANK_0                    
C:   00000000  s_RSEG                          
C:   00000000  s_RSEG0                         
C:   00000000  s_RSEG1                         
C:   00000000  s_XABS                          
C:   00000001  s_PSEG                          
C:   00000001  s_XISEG                         
C:   00000001  s_XSEG                          
C:   00000003  l_GSFINAL                       
C:   00000003  l_GSINIT0                       
C:   00000003  l_OSEG                          
C:   00000006  l_ISEG                          
C:   00000008  l_REG_BANK_0                    
C:   00000008  s_REG_BANK_1                    
C:   0000000A  l_GSINIT2                       
C:   00000010  s_REG_BANK_2                    
C:   00000018  s_BIT_BANK                      
C:   00000018  s_REG_BANK_3                    
C:   00000020  s_BSEG_BYTES                    
C:   00000020  s__CODE                         
C:   00000022  l_GSINIT3                       
C:   0000002A  l_GSINIT4                       
C:   00000030  l_GSINIT                        
C:   00000031  l_HOME                          
C:   00000031  s_GSINIT0                       
C:   00000034  s_GSINIT1                       
ASxxxx Linker V03.00 + NoICE + sdld,  page 2.
Hexadecimal  [32-Bits]

Area                                    Addr        Size        Decimal Bytes (Attributes)
--------------------------------        ----        ----        ------- ----- ------------
CABS                                00000000    00000000 =           0. bytes (ABS,CON,CODE)

      Value  Global                              Global Defined In Module
      -----  --------------------------------   ------------------------
C:   00000034  s_GSINIT2                       
C:   0000003E  s_GSINIT3                       
C:   00000060  s_GSINIT4                       
C:   00000064  s_OSEG                          
C:   00000067  s_ISEG                          
C:   0000006D  s_SSEG                          
C:   00000080  l_DSEG                          
C:   0000008A  s_GSINIT                        
C:   0000008A  s_GSINIT5                       
C:   00000093  l_SSEG                          
C:   000000BA  s_GSFINAL                       
C:   000000BD  s_CSEG                          
C:   00000100  l_IRAM                          
C:   00000105  l_CONST                         
C:   00000F48  l_CSEG                          
C:   00001005  s_CONST                         
C:   0000110A  s_XINIT                         

ASxxxx Linker V03.00 + NoICE + sdld,  page 3.
Hexadecimal  [32-Bits]

Area                                    Addr        Size        Decimal Bytes (Attributes)
--------------------------------        ----        ----        ------- ----- ------------
.  .ABS.                            00000000    00000000 =           0. bytes (ABS,CON)

      Value  Global                              Global Defined In Module
      -----  --------------------------------   ------------------------
     00000000  .__.ABS.                           _bp
     00000080  _P0                                wdt
     00000080  _P0_0                              wdt
     00000081  _P0_1                              wdt
     00000081  _SP                                wdt
     00000082  _DPL                               wdt
     00000082  _P0_2                              wdt
     00000083  _DPH                               wdt
     00000083  _P0_3                              wdt
     00000084  _P0_4                              wdt
     00000085  _P0_5                              wdt
     00000086  _P0_6                              wdt
     00000087  _P0_7                              wdt
     00000087  _PCON                              wdt
     00000088  _IT0                               wdt
     00000088  _TCON                              wdt
     00000089  _IE0                               wdt
     00000089  _TMOD                              wdt
     0000008A  _IT1                               wdt
     0000008A  _TL0                               wdt
     0000008B  _IE1                               wdt
     0000008B  _TL1                               wdt
     0000008C  _TH0                               wdt
     0000008C  _TR0                               wdt
     0000008D  _TF0                               wdt
     0000008D  _TH1                               wdt
     0000008E  _AUXR                              wdt
     0000008E  _TR1                               wdt
     0000008F  _TF1                               wdt
     00000090  _P1                                wdt
     00000090  _P1_0                              wdt
     00000090  _T2                                wdt
     00000091  _P1_1                              wdt
     00000091  _T2EX                              wdt
     00000092  _P1_2                              wdt
     00000093  _P1_3                              wdt
     00000094  _P1_4                              wdt
     00000095  _P1_5                              wdt
     00000096  _P1_6                              wdt
     00000097  _P1_7                              wdt
     00000098  _RI                                wdt
     00000098  _SCON                              wdt
     00000099  _SBUF                              wdt
     00000099  _TI                                wdt
     0000009A  _RB8                               wdt
     0000009B  _TB8                               wdt
     0000009C  _REN                               wdt
     0000009D  _SM2                               wdt
     0000009E  _SM1                               wdt
     0000009F  _SM0                               wdt
ASxxxx Linker V03.00 + NoICE + sdld,  page 4.
Hexadecimal  [32-Bits]

Area                                    Addr        Size        Decimal Bytes (Attributes)
--------------------------------        ----        ----        ------- ----- ------------
.  .ABS.                            00000000    00000000 =           0. bytes (ABS,CON)

      Value  Global                              Global Defined In Module
      -----  --------------------------------   ------------------------
     000000A0  _P2                                wdt
     000000A0  _P2_0                              wdt
     000000A0  __XPAGE                            
     000000A1  _P2_1                              wdt
     000000A2  _AUXR1                             wdt
     000000A2  _P2_2                              wdt
     000000A3  _P2_3                              wdt
     000000A4  _P2_4                              wdt
     000000A5  _P2_5                              wdt
     000000A6  _P2_6                              wdt
     000000A7  _P2_7                              wdt
     000000A8  _EX0                               wdt
     000000A8  _IE                                wdt
     000000A9  _ET0                               wdt
     000000A9  _SADDR1                            wdt
     000000AA  _EX1                               wdt
     000000AB  _ET1                               wdt
     000000AC  _ES                                wdt
     000000AD  _ET2                               wdt
     000000AF  _EA                                wdt
     000000B0  _P3                                wdt
     000000B0  _P3_0                              wdt
     000000B0  _RXD                               wdt
     000000B1  _P3_1                              wdt
     000000B1  _TXD                               wdt
     000000B2  _INT0                              wdt
     000000B2  _P3_2                              wdt
     000000B3  _INT1                              wdt
     000000B3  _P3_3                              wdt
     000000B4  _P3_4                              wdt
     000000B4  _T0                                wdt
     000000B5  _P3_5                              wdt
     000000B5  _T1                                wdt
     000000B6  _P3_6                              wdt
     000000B6  _WR                                wdt
     000000B7  _IPH                               wdt
     000000B7  _P3_7                              wdt
     000000B7  _RD                                wdt
     000000B8  _IP                                wdt
     000000B8  _PX0                               wdt
     000000B9  _PT0                               wdt
     000000BA  _PX1                               wdt
     000000BB  _PT1                               wdt
     000000BC  _PS                                wdt
     000000BD  _PT2                               wdt
     000000C0  _IT2                               wdt
     000000C0  _XICON                             wdt
     000000C1  _IE2                               wdt
     000000C2  _EX2                               wdt
     000000C3  _PX2                               wdt
     000000C4  _IT3                               wdt
ASxxxx Linker V03.00 + NoICE + sdld,  page 5.
Hexadecimal  [32-Bits]

Area                                    Addr        Size        Decimal Bytes (Attributes)
--------------------------------        ----        ----        ------- ----- ------------
.  .ABS.                            00000000    00000000 =           0. bytes (ABS,CON)

      Value  Global                              Global Defined In Module
      -----  --------------------------------   ------------------------
     000000C5  _IE3                               wdt
     000000C6  _EX3                               wdt
     000000C7  _PX3                               wdt
     000000C8  _CPRL2                             wdt
     000000C8  _T2CON                             wdt
     000000C9  _T2MOD                             wdt
     000000C9  _T2_CT                             wdt
     000000CA  _RCAP2L                            wdt
     000000CA  _TR2                               wdt
     000000CB  _EXEN2                             wdt
     000000CB  _RCAP2H                            wdt
     000000CC  _TCLK                              wdt
     000000CC  _TL2                               wdt
     000000CD  _RCLK                              wdt
     000000CD  _TH2                               wdt
     000000CE  _EXF2                              wdt
     000000CF  _TF2                               wdt
     000000D0  _P                                 wdt
     000000D0  _PSW                               wdt
     000000D1  _F1                                wdt
     000000D2  _OV                                wdt
     000000D3  _RS0                               wdt
     000000D4  _RS1                               wdt
     000000D5  _F0                                wdt
     000000D6  _AC                                wdt
     000000D7  _CY                                wdt
     000000E0  _ACC                               wdt
     000000E1  _WDT_CONTR                         wdt
     000000E2  _ISP_DATA                          wdt
     000000E3  _ISP_ADDRH                         wdt
     000000E4  _ISP_ADDRL                         wdt
     000000E5  _ISP_CMD                           wdt
     000000E6  _ISP_TRIG                          wdt
     000000E7  _ISP_CONTR                         wdt
     000000E8  _P4                                wdt
     000000E8  _P4_0                              wdt
     000000E9  _P4_1                              wdt
     000000EA  _INT3                              wdt
     000000EA  _P4_2                              wdt
     000000EB  _INT2                              wdt
     000000EB  _P4_3                              wdt
     000000F0  _B                                 wdt
     000000F5  _B_5                               _gptrget
     000000F6  _B_6                               _gptrget
     000000F7  _B_7                               _gptrget

ASxxxx Linker V03.00 + NoICE + sdld,  page 6.
Hexadecimal  [32-Bits]

Area                                    Addr        Size        Decimal Bytes (Attributes)
--------------------------------        ----        ----        ------- ----- ------------
REG_BANK_0                          00000000    00000008 =           8. bytes (REL,OVR)

      Value  Global                              Global Defined In Module
      -----  --------------------------------   ------------------------
ASxxxx Linker V03.00 + NoICE + sdld,  page 7.
Hexadecimal  [32-Bits]

Area                                    Addr        Size        Decimal Bytes (Attributes)
--------------------------------        ----        ----        ------- ----- ------------
DSEG                                00000000    00000080 =         128. bytes (REL,CON)

      Value  Global                              Global Defined In Module
      -----  --------------------------------   ------------------------
     00000008  _time                              main
     0000001A  _tm                                control
     0000001C  _mixdata                           dht11
     00000020  _hum                               dht11
     00000022  _the                               dht11
     00000024  _thef                              dht11
     00000026  _subzero                           dht11
     00000028  _check                             dht11
     0000002A  _Lcd1602_PrintNumber_PARM_2        lcd1602
     0000002B  _Lcd1602_PrintNumber_PARM_3        lcd1602
     0000002D  _Lcd1602_PrintCust_PARM_2          lcd1602
     0000002E  _Lcd1602_PrintCust_PARM_3          lcd1602
     00000031  _Lcd1602_Print_PARM_2              lcd1602
     00000032  _Lcd1602_Print_PARM_3              lcd1602
     00000035  _vprintf_PARM_2                    vprintf
     00000043  __print_format_PARM_2              printf_large
     00000046  __print_format_PARM_3              printf_large
     00000049  __print_format_PARM_4              printf_large
     00000063  _bp                                _bp

ASxxxx Linker V03.00 + NoICE + sdld,  page 8.
Hexadecimal  [32-Bits]

Area                                    Addr        Size        Decimal Bytes (Attributes)
--------------------------------        ----        ----        ------- ----- ------------
OSEG                                00000064    00000003 =           3. bytes (REL,OVR)

      Value  Global                              Global Defined In Module
      -----  --------------------------------   ------------------------
     00000064  __divsint_PARM_2                   _divuint
     00000064  __divuint_PARM_2                   _divuint
     00000064  __modsint_PARM_2                   _moduint
     00000064  __moduint_PARM_2                   _moduint
     00000064  __mulint_PARM_2                    _mulint

ASxxxx Linker V03.00 + NoICE + sdld,  page 9.
Hexadecimal  [32-Bits]

Area                                    Addr        Size        Decimal Bytes (Attributes)
--------------------------------        ----        ----        ------- ----- ------------
ISEG                                00000067    00000006 =           6. bytes (REL,CON)

      Value  Global                              Global Defined In Module
      -----  --------------------------------   ------------------------
ASxxxx Linker V03.00 + NoICE + sdld,  page 10.
Hexadecimal  [32-Bits]

Area                                    Addr        Size        Decimal Bytes (Attributes)
--------------------------------        ----        ----        ------- ----- ------------
SSEG                                0000006D    00000093 =         147. bytes (REL,OVR)

      Value  Global                              Global Defined In Module
      -----  --------------------------------   ------------------------
     0000006D  __start__stack                     main

ASxxxx Linker V03.00 + NoICE + sdld,  page 11.
Hexadecimal  [32-Bits]

Area                                    Addr        Size        Decimal Bytes (Attributes)
--------------------------------        ----        ----        ------- ----- ------------
HOME                                00000000    00000031 =          49. bytes (REL,CON,CODE)

      Value  Global                              Global Defined In Module
      -----  --------------------------------   ------------------------
C:   0000002E  __sdcc_program_startup             main

ASxxxx Linker V03.00 + NoICE + sdld,  page 12.
Hexadecimal  [32-Bits]

Area                                    Addr        Size        Decimal Bytes (Attributes)
--------------------------------        ----        ----        ------- ----- ------------
GSINIT0                             00000031    00000003 =           3. bytes (REL,CON,CODE)

      Value  Global                              Global Defined In Module
      -----  --------------------------------   ------------------------
C:   00000031  __sdcc_gsinit_startup              

ASxxxx Linker V03.00 + NoICE + sdld,  page 13.
Hexadecimal  [32-Bits]

Area                                    Addr        Size        Decimal Bytes (Attributes)
--------------------------------        ----        ----        ------- ----- ------------
GSINIT2                             00000034    0000000A =          10. bytes (REL,CON,CODE)

      Value  Global                              Global Defined In Module
      -----  --------------------------------   ------------------------
ASxxxx Linker V03.00 + NoICE + sdld,  page 14.
Hexadecimal  [32-Bits]

Area                                    Addr        Size        Decimal Bytes (Attributes)
--------------------------------        ----        ----        ------- ----- ------------
GSINIT3                             0000003E    00000022 =          34. bytes (REL,CON,CODE)

      Value  Global                              Global Defined In Module
      -----  --------------------------------   ------------------------
C:   0000003E  __mcs51_genXINIT                   

ASxxxx Linker V03.00 + NoICE + sdld,  page 15.
Hexadecimal  [32-Bits]

Area                                    Addr        Size        Decimal Bytes (Attributes)
--------------------------------        ----        ----        ------- ----- ------------
GSINIT4                             00000060    0000002A =          42. bytes (REL,CON,CODE)

      Value  Global                              Global Defined In Module
      -----  --------------------------------   ------------------------
C:   00000060  __mcs51_genRAMCLEAR                
C:   00000066  __mcs51_genXRAMCLEAR               

ASxxxx Linker V03.00 + NoICE + sdld,  page 16.
Hexadecimal  [32-Bits]

Area                                    Addr        Size        Decimal Bytes (Attributes)
--------------------------------        ----        ----        ------- ----- ------------
GSINIT                              0000008A    00000030 =          48. bytes (REL,CON,CODE)

      Value  Global                              Global Defined In Module
      -----  --------------------------------   ------------------------
ASxxxx Linker V03.00 + NoICE + sdld,  page 17.
Hexadecimal  [32-Bits]

Area                                    Addr        Size        Decimal Bytes (Attributes)
--------------------------------        ----        ----        ------- ----- ------------
GSFINAL                             000000BA    00000003 =           3. bytes (REL,CON,CODE)

      Value  Global                              Global Defined In Module
      -----  --------------------------------   ------------------------
ASxxxx Linker V03.00 + NoICE + sdld,  page 18.
Hexadecimal  [32-Bits]

Area                                    Addr        Size        Decimal Bytes (Attributes)
--------------------------------        ----        ----        ------- ----- ------------
CSEG                                000000BD    00000F48 =        3912. bytes (REL,CON,CODE)

      Value  Global                              Global Defined In Module
      -----  --------------------------------   ------------------------
C:   000000BD  _Boot_Test                         main
C:   0000014B  _print_boot                        main
C:   00000183  _show_data                         main
C:   00000223  _show_time                         main
C:   00000224  _debug                             main
C:   000002BB  _main                              main
C:   000002FE  _delayms                           control
C:   0000031C  _Int_Init                          control
C:   00000323  _idle                              control
C:   00000327  _Time0_Init                        control
C:   0000032B  _Time2_Init                        control
C:   00000338  _delayserver                       control
C:   0000034C  _DHTStartDelay                     dht11
C:   00000354  _DHT11_Start                       dht11
C:   00000368  _DHT11_Data                        dht11
C:   000003C5  _DHT11_Read                        dht11
C:   0000041F  _E2prom_Read                       e2prom
C:   0000042E  _WaitBusy                          lcd1602
C:   0000045B  _com                               lcd1602
C:   0000046F  _datax                             lcd1602
C:   00000483  _Lcd1602_Init                      lcd1602
C:   0000049B  _Lcd1602_Clean                     lcd1602
C:   000004A1  _Lcd1602_PrintNumber               lcd1602
C:   00000514  _Lcd1602_PrintCust                 lcd1602
C:   00000568  _Lcd1602_Print                     lcd1602
C:   000005A5  _Time1_Init                        serial
C:   000005B1  _Serial_Init                       serial
C:   000005BB  _putchar                           serial
C:   000005D1  _Serial_Handel                     serial
C:   000005E0  _Wdt_Init                          wdt
C:   000005E7  _Wdt_Runsign                       wdt
C:   000005F2  _Wdt_Clean                         wdt
C:   000005F6  __moduint                          _moduint
C:   00000643  __divuint                          _divuint
C:   0000067B  _vprintf                           vprintf
C:   00000694  _printf                            vprintf
C:   0000075A  __print_format                     printf_large
C:   00000F42  _strlen                            _strlen
C:   00000F5A  __mulint                           _mulint
C:   00000F5A  __mulint_dummy                     _mulint
C:   00000F77  __gptrget                          _gptrget
C:   00000F93  __modsint                          _modsint
C:   00000FC9  __divsint                          _divsint
C:   00001001  __sdcc_external_startup            _startup

ASxxxx Linker V03.00 + NoICE + sdld,  page 19.
Hexadecimal  [32-Bits]

Area                                    Addr        Size        Decimal Bytes (Attributes)
--------------------------------        ----        ----        ------- ----- ------------
CONST                               00001005    00000105 =         261. bytes (REL,CON,CODE)

      Value  Global                              Global Defined In Module
      -----  --------------------------------   ------------------------
ASxxxx Linker V03.00 + NoICE + sdld,  page 20.

Files Linked                              [ module(s) ]

./obj/main.rel                            [  ]
./obj/control.rel                         [  ]
./obj/dht11.rel                           [  ]
./obj/e2prom.rel                          [  ]
./obj/lcd1602.rel                         [  ]
./obj/serial.rel                          [  ]
./obj/wdt.rel                             [  ]


Libraries Linked                          [ object file ]

/usr/bin/../share/sdcc/lib/small/mcs51.lib
                                          [ crtclear.rel ]
/usr/bin/../share/sdcc/lib/small/mcs51.lib
                                          [ crtxinit.rel ]
/usr/bin/../share/sdcc/lib/small/libint.lib
                                          [ _moduint.rel ]
/usr/bin/../share/sdcc/lib/small/libint.lib
                                          [ _divuint.rel ]
/usr/bin/../share/sdcc/lib/small/mcs51.lib
                                          [ crtxclear.rel ]
/usr/bin/../share/sdcc/lib/small/libsdcc.lib
                                          [ vprintf.rel ]
/usr/bin/../share/sdcc/lib/small/libsdcc.lib
                                          [ printf_large.rel ]
/usr/bin/../share/sdcc/lib/small/mcs51.lib
                                          [ crtpagesfr.rel ]
/usr/bin/../share/sdcc/lib/small/libsdcc.lib
                                          [ _strlen.rel ]
/usr/bin/../share/sdcc/lib/small/libint.lib
                                          [ _mulint.rel ]
/usr/bin/../share/sdcc/lib/small/mcs51.lib
                                          [ crtstart.rel ]
/usr/bin/../share/sdcc/lib/small/libsdcc.lib
                                          [ _gptrget.rel ]
/usr/bin/../share/sdcc/lib/small/libint.lib
                                          [ _modsint.rel ]
/usr/bin/../share/sdcc/lib/small/libint.lib
                                          [ _divsint.rel ]
/usr/bin/../share/sdcc/lib/small/libsdcc.lib
                                          [ _startup.rel ]
/usr/bin/../share/sdcc/lib/small/libsdcc.lib
                                          [ _bp.rel ]

ASxxxx Linker V03.00 + NoICE + sdld,  page 21.

User Base Address Definitions

HOME = 0x0000
XSEG = 0x0001
PSEG = 0x0001
ISEG = 0x0000
BSEG = 0x0000

